
C:\Users\IT>git --version
git version 2.42.0.windows.2

C:\Users\IT>cd desktop

C:\Users\IT\Desktop>mkdir project

C:\Users\IT\Desktop>cd project

C:\Users\IT\Desktop\project>git init
Initialized empty Git repository in C:/Users/IT/Desktop/project/.git/

C:\Users\IT\Desktop\project>git status
On branch master

No commits yet

nothing to commit (create/copy files and use "git add" to track)

C:\Users\IT\Desktop\project>git add "repo.txt"
fatal: pathspec 'repo.txt' did not match any files

C:\Users\IT\Desktop\project>git add repo.txt
fatal: pathspec 'repo.txt' did not match any files

C:\Users\IT\Desktop\project>git commit -m "first commit"
On branch master

Initial commit

Untracked files:
  (use "git add <file>..." to include in what will be committed)
        repo.txt

nothing added to commit but untracked files present (use "git add" to track)

C:\Users\IT\Desktop\project>


